[duplogreen.com.br/home/index.html]
[backblue.gif]
[fade.gif]
[index.html]
[duplogreen.com.br/home/e,baseURI]
[duplogreen.com.br/home/GET]
[cdn-bhiih.nitrocdn.com/VLneDzCmNstdvATfkPYWmcYbYNQlFMnu/assets/static/optimized/rev-6a282e2/wp-content/uploads/2021/02/pexels-juan-salamanca-61135.jpg]
[duplogreen.com.br/home/Edge/index.html]
[cdn-bhiih.nitrocdn.com/VLneDzCmNstdvATfkPYWmcYbYNQlFMnu/assets/static/optimized/rev-6a282e2/wp-content/uploads/2021/02/pexels-riccardo-bresciani-41257.jpg]
[cdn-bhiih.nitrocdn.com/VLneDzCmNstdvATfkPYWmcYbYNQlFMnu/assets/static/optimized/rev-6a282e2/wp-content/uploads/2021/03/Design_sem_nome__4_-removebg-preview-150x150.png]
[cdn-bhiih.nitrocdn.com/VLneDzCmNstdvATfkPYWmcYbYNQlFMnu/assets/static/optimized/rev-6a282e2/wp-content/uploads/2021/03/Design_sem_nome__4_-removebg-preview-300x300.png]
[duplogreen.com.br/home/POST]
[cdn-bhiih.nitrocdn.com/VLneDzCmNstdvATfkPYWmcYbYNQlFMnu/assets/static/optimized/rev-6a282e2/wp-includes/js/jquery/nitro-min-d41d8cd98f00b204e9800998ecf8427e.jquery.min.js]
[cdn-bhiih.nitrocdn.com/VLneDzCmNstdvATfkPYWmcYbYNQlFMnu/assets/static/optimized/rev-6a282e2/wp-includes/js/jquery/nitro-min-d41d8cd98f00b204e9800998ecf8427e.jquery-migrate.min.js]
[cdn-bhiih.nitrocdn.com/VLneDzCmNstdvATfkPYWmcYbYNQlFMnu/assets/static/optimized/rev-6a282e2/wp-includes/js/nitro-min-d41d8cd98f00b204e9800998ecf8427e.imagesloaded.min.js]
[cdn-bhiih.nitrocdn.com/VLneDzCmNstdvATfkPYWmcYbYNQlFMnu/assets/static/optimized/rev-6a282e2/wp-content/themes/oceanwp/assets/js/third/nitro-min-d41d8cd98f00b204e9800998ecf8427e.magnific-popup.min.js]
[cdn-bhiih.nitrocdn.com/VLneDzCmNstdvATfkPYWmcYbYNQlFMnu/assets/static/optimized/rev-6a282e2/wp-content/themes/oceanwp/assets/js/third/nitro-min-d41d8cd98f00b204e9800998ecf8427e.lightbox.min.js]
[cdn-bhiih.nitrocdn.com/VLneDzCmNstdvATfkPYWmcYbYNQlFMnu/assets/static/optimized/rev-6a282e2/wp-content/themes/oceanwp/assets/js/nitro-min-d41d8cd98f00b204e9800998ecf8427e.main.min.js]
[cdn-bhiih.nitrocdn.com/VLneDzCmNstdvATfkPYWmcYbYNQlFMnu/assets/static/optimized/rev-6a282e2/wp-includes/js/nitro-min-d41d8cd98f00b204e9800998ecf8427e.wp-embed.min.js]
[cdn-bhiih.nitrocdn.com/VLneDzCmNstdvATfkPYWmcYbYNQlFMnu/assets/static/optimized/rev-6a282e2/wp-content/plugins/elementor/assets/js/nitro-min-d41d8cd98f00b204e9800998ecf8427e.frontend-modules.min.js]
[cdn-bhiih.nitrocdn.com/VLneDzCmNstdvATfkPYWmcYbYNQlFMnu/assets/static/optimized/rev-6a282e2/wp-content/plugins/elementor-pro/assets/lib/sticky/nitro-min-d41d8cd98f00b204e9800998ecf8427e.jquery.sticky.min.js]
[cdn-bhiih.nitrocdn.com/VLneDzCmNstdvATfkPYWmcYbYNQlFMnu/assets/static/optimized/rev-6a282e2/wp-content/plugins/elementor-pro/assets/js/nitro-min-d41d8cd98f00b204e9800998ecf8427e.frontend.min.js]
[cdn-bhiih.nitrocdn.com/VLneDzCmNstdvATfkPYWmcYbYNQlFMnu/assets/static/optimized/rev-6a282e2/wp-includes/js/jquery/ui/nitro-min-d41d8cd98f00b204e9800998ecf8427e.core.min.js]
[cdn-bhiih.nitrocdn.com/VLneDzCmNstdvATfkPYWmcYbYNQlFMnu/assets/static/optimized/rev-6a282e2/wp-content/plugins/elementor/assets/lib/dialog/nitro-min-d41d8cd98f00b204e9800998ecf8427e.dialog.min.js]
[cdn-bhiih.nitrocdn.com/VLneDzCmNstdvATfkPYWmcYbYNQlFMnu/assets/static/optimized/rev-6a282e2/wp-content/plugins/elementor/assets/lib/waypoints/nitro-min-d41d8cd98f00b204e9800998ecf8427e.waypoints.min.js]
[cdn-bhiih.nitrocdn.com/VLneDzCmNstdvATfkPYWmcYbYNQlFMnu/assets/static/optimized/rev-6a282e2/wp-content/plugins/elementor/assets/lib/swiper/nitro-min-d41d8cd98f00b204e9800998ecf8427e.swiper.min.js]
[cdn-bhiih.nitrocdn.com/VLneDzCmNstdvATfkPYWmcYbYNQlFMnu/assets/static/optimized/rev-6a282e2/wp-content/plugins/elementor/assets/lib/share-link/nitro-min-d41d8cd98f00b204e9800998ecf8427e.share-link.min.js]
[cdn-bhiih.nitrocdn.com/VLneDzCmNstdvATfkPYWmcYbYNQlFMnu/assets/static/optimized/rev-6a282e2/wp-content/plugins/elementor/assets/js/nitro-min-d41d8cd98f00b204e9800998ecf8427e.frontend.min.js]
[duplogreen.com.br/home/index.html]
[duplogreen.com.br/home/e,baseURI.html]
[duplogreen.com.br/home/GET.html]
[duplogreen.com.br/home/Edge/index.html]
[duplogreen.com.br/home/POST.html]
[cdn-bhiih.nitrocdn.com/VLneDzCmNstdvATfkPYWmcYbYNQlFMnu/assets/static/optimized/rev-6a282e2/combinedCss/nitro-min-noimport-c68cb5cbd54876ea6fe297e2ec3fff5a-stylesheet.css]
[cdn-bhiih.nitrocdn.com/VLneDzCmNstdvATfkPYWmcYbYNQlFMnu/assets/static/optimized/rev-6a282e2/wp-content/uploads/2021/03/pexels-mustafa-kilic-4487605.jpg]
[cdn-bhiih.nitrocdn.com/VLneDzCmNstdvATfkPYWmcYbYNQlFMnu/assets/static/optimized/rev-6a282e2/wp-content/uploads/2021/03/pexels-tembela-bohle-1884574.jpg]
[cdn-bhiih.nitrocdn.com/VLneDzCmNstdvATfkPYWmcYbYNQlFMnu/assets/static/optimized/rev-6a282e2/combinedCss/nitro-min-noimport-c68cb5cbd54876ea6fe297e2ec3fff5a-stylesheet.css]
